// Jest Snapshot v1, https://goo.gl/fbAQLP

exports[`App.vue matches snapshot 1`] = `
<div id="app">
  <pageheader-stub></pageheader-stub>
  <router-view-stub></router-view-stub>
</div>
`;
