// Jest Snapshot v1, https://goo.gl/fbAQLP

exports[`NavItem.vue matches snapshot 1`] = `
<section class="nav-item default">
  <router-link-stub to="[object Object]" class="link">
    <div class="text"><span>Home</span></div>
  </router-link-stub>
</section>
`;
